// Jest Snapshot v1, https://goo.gl/fbAQLP

exports[`TOS Modal is hidden when isVisible is false 1`] = `null`;

exports[`TOS Modal shows welcome message for new users 1`] = `
<span>
  <div
    className="terms-of-service-modal max-modal"
    style={
      Object {
        "left": "50%",
        "position": "fixed",
        "top": "50%",
        "transform": "translate3d(-50%, -50%, 0)",
        "width": "100%",
        "zIndex": 1050,
      }
    }
  >
    <div
      style={
        Object {
          "animationDuration": "1s",
          "animationFillMode": "forwards",
          "animationTimingFunction": "linear",
          "backgroundColor": "white",
          "margin": 0,
        }
      }
      tabIndex="-1"
    >
      <div
        className="tos-modal-container"
      >
        <h1>
          Terms of Service and Privacy Policy
        </h1>
        <h3>
          Welcome to Semester.ly! Please take a look at our Terms of Service and Privacy Policy before getting started:
        </h3>
        <div>
          <a
            className="legal-links"
            href="/termsofservice"
            rel="noopener noreferrer"
            target="_blank"
          >
            Terms of Service
            <i
              className="fa fa-external-link"
            />
          </a>
          <a
            className="legal-links"
            href="/privacypolicy"
            rel="noopener noreferrer"
            target="_blank"
          >
            Privacy Policy
            <i
              className="fa fa-external-link"
            />
          </a>
        </div>
        <button
          className="accept-tos-btn"
          onClick={[Function]}
        >
          <i
            className="fa fa-check"
          />
          <span>
            I accept the Terms of Service
          </span>
        </button>
        <p
          className="method-details"
        >
          You must accept the new Terms of Service to continue using Semester.ly.
        </p>
      </div>
    </div>
  </div>
  <div
    onClick={null}
    style={
      Object {
        "animationDuration": "0.3s",
        "animationFillMode": "forwards",
        "animationTimingFunction": "linear",
        "backgroundColor": "#373A47",
        "bottom": 0,
        "left": 0,
        "position": "fixed",
        "right": 0,
        "top": 0,
        "zIndex": 1040,
      }
    }
  />
</span>
`;

exports[`TOS Modal shows when isVisible is true 1`] = `
<span>
  <div
    className="terms-of-service-modal max-modal"
    style={
      Object {
        "left": "50%",
        "position": "fixed",
        "top": "50%",
        "transform": "translate3d(-50%, -50%, 0)",
        "width": "100%",
        "zIndex": 1050,
      }
    }
  >
    <div
      style={
        Object {
          "animationDuration": "1s",
          "animationFillMode": "forwards",
          "animationTimingFunction": "linear",
          "backgroundColor": "white",
          "margin": 0,
        }
      }
      tabIndex="-1"
    >
      <div
        className="tos-modal-container"
      >
        <h1>
          Terms of Service and Privacy Policy
        </h1>
        <h3>
          Our Terms of Service and Privacy Policy have been updated. Please review them here:
        </h3>
        <div>
          <a
            className="legal-links"
            href="/termsofservice"
            rel="noopener noreferrer"
            target="_blank"
          >
            Terms of Service
            <i
              className="fa fa-external-link"
            />
          </a>
          <a
            className="legal-links"
            href="/privacypolicy"
            rel="noopener noreferrer"
            target="_blank"
          >
            Privacy Policy
            <i
              className="fa fa-external-link"
            />
          </a>
        </div>
        <button
          className="accept-tos-btn"
          onClick={[Function]}
        >
          <i
            className="fa fa-check"
          />
          <span>
            I accept the Terms of Service
          </span>
        </button>
        <p
          className="method-details"
        >
          You must accept the new Terms of Service to continue using Semester.ly.
        </p>
      </div>
    </div>
  </div>
  <div
    onClick={null}
    style={
      Object {
        "animationDuration": "0.3s",
        "animationFillMode": "forwards",
        "animationTimingFunction": "linear",
        "backgroundColor": "#373A47",
        "bottom": 0,
        "left": 0,
        "position": "fixed",
        "right": 0,
        "top": 0,
        "zIndex": 1040,
      }
    }
  />
</span>
`;
